[backblue.gif]
[fade.gif]
[index.html]
[s3.eu-west-1.amazonaws.com/cdn.growtopiagame.com/website/resources/assets/images/logo_navibar.png]
[s3.eu-west-1.amazonaws.com/cdn.growtopiagame.com/website/resources/assets/images/grow_youtube.png]
[s3.eu-west-1.amazonaws.com/cdn.growtopiagame.com/website/resources/assets/images/grow_insta.png]
[s3.eu-west-1.amazonaws.com/cdn.growtopiagame.com/website/resources/assets/images/grow_twitter.png]
[s3.eu-west-1.amazonaws.com/cdn.growtopiagame.com/website/resources/assets/images/grow_fb.png]
[s3.eu-west-1.amazonaws.com/cdn.growtopiagame.com/website/resources/assets/images/grow_header.jpg]
[s3.eu-west-1.amazonaws.com/cdn.growtopiagame.com/website/resources/assets/images/load.gif]
[s3.eu-west-1.amazonaws.com/cdn.growtopiagame.com/website/resources/assets/images/logo_header.png]
[s3.eu-west-1.amazonaws.com/cdn.growtopiagame.com/website/resources/assets/images/twittericon.png]
[s3.eu-west-1.amazonaws.com/cdn.growtopiagame.com/website/resources/assets/upload/1_grow_feature_1550388575.png]
[s3.eu-west-1.amazonaws.com/cdn.growtopiagame.com/website/resources/assets/upload/resize/1_grow_feature_1550388575.png]
[s3.eu-west-1.amazonaws.com/cdn.growtopiagame.com/website/resources/assets/upload/1_grow_feature_1550391017.png]
[s3.eu-west-1.amazonaws.com/cdn.growtopiagame.com/website/resources/assets/upload/resize/1_grow_feature_1550391017.png]
[s3.eu-west-1.amazonaws.com/cdn.growtopiagame.com/website/resources/assets/upload/1_grow_feature_1550388739.png]
[s3.eu-west-1.amazonaws.com/cdn.growtopiagame.com/website/resources/assets/upload/resize/1_grow_feature_1550388739.png]
[s3.eu-west-1.amazonaws.com/cdn.growtopiagame.com/website/resources/assets/upload/1_grow_feature_1550390623.png]
[s3.eu-west-1.amazonaws.com/cdn.growtopiagame.com/website/resources/assets/upload/resize/1_grow_feature_1550390623.png]
[s3.eu-west-1.amazonaws.com/cdn.growtopiagame.com/website/resources/assets/images/google_badge.png]
[s3.eu-west-1.amazonaws.com/cdn.growtopiagame.com/website/resources/assets/images/appstore_badge.png]
[s3.eu-west-1.amazonaws.com/cdn.growtopiagame.com/website/resources/assets/images/mac_badge.png]
[s3.eu-west-1.amazonaws.com/cdn.growtopiagame.com/website/resources/assets/images/windows_badge.png]
[s3.eu-west-1.amazonaws.com/cdn.growtopiagame.com/website/resources/assets/upload/1_grow_world_love_1550391580.jpg]
[s3.eu-west-1.amazonaws.com/cdn.growtopiagame.com/website/resources/assets/upload/resize/1_grow_world_love_1550391580.jpg]
[s3.eu-west-1.amazonaws.com/cdn.growtopiagame.com/website/resources/assets/upload/1_grow_world_love_1550391780.jpg]
[s3.eu-west-1.amazonaws.com/cdn.growtopiagame.com/website/resources/assets/upload/resize/1_grow_world_love_1550391780.jpg]
[s3.eu-west-1.amazonaws.com/cdn.growtopiagame.com/website/resources/assets/upload/1_grow_world_love_1550391803.jpg]
[s3.eu-west-1.amazonaws.com/cdn.growtopiagame.com/website/resources/assets/upload/resize/1_grow_world_love_1550391803.jpg]
[s3.eu-west-1.amazonaws.com/cdn.growtopiagame.com/website/resources/assets/upload/1_grow_world_love_1550391833.jpg]
[s3.eu-west-1.amazonaws.com/cdn.growtopiagame.com/website/resources/assets/upload/resize/1_grow_world_love_1550391833.jpg]
[s3.eu-west-1.amazonaws.com/cdn.growtopiagame.com/website/resources/assets/images/ubi_icon.png]
[s3.eu-west-1.amazonaws.com/cdn.growtopiagame.com/website/resources/assets/upload/1_grow_icon_1513191167.jpg]
[www.growtopiagame.com/index.html]
[s3.eu-west-1.amazonaws.com/cdn.growtopiagame.com/website/resources/vendors/animate/animate.min.css]
[s3.eu-west-1.amazonaws.com/cdn.growtopiagame.com/website/resources/vendors/FlexSlider/css/flexslider.min.css]
[s3.eu-west-1.amazonaws.com/cdn.growtopiagame.com/website/resources/assets/css/main-min.css]
[s3.eu-west-1.amazonaws.com/cdn.growtopiagame.com/website/resources/assets/images/sidebar_bg.png]
[s3.eu-west-1.amazonaws.com/cdn.growtopiagame.com/website/resources/assets/css/hamburger-style-min.css]
[s3.eu-west-1.amazonaws.com/cdn.growtopiagame.com/website/resources/assets/css/ajax-loader.gif]
[s3.eu-west-1.amazonaws.com/cdn.growtopiagame.com/website/resources/assets/css/slick-min.css]
[s3.eu-west-1.amazonaws.com/cdn.growtopiagame.com/website/resources/assets/css/set2-min.css]
[s3.eu-west-1.amazonaws.com/cdn.growtopiagame.com/website/resources/vendors/magnific-popup/magnific-popup-min.css]
[s3.eu-west-1.amazonaws.com/cdn.growtopiagame.com/website/resources/assets/images/grow_bg2.png]
[s3.eu-west-1.amazonaws.com/cdn.growtopiagame.com/website/resources/assets/images/grow_dirt_faq.png]
[s3.eu-west-1.amazonaws.com/cdn.growtopiagame.com/website/resources/assets/images/grow_dude_sign.png]
[s3.eu-west-1.amazonaws.com/cdn.growtopiagame.com/website/resources/assets/images/grow_bg3.png]
[s3.eu-west-1.amazonaws.com/cdn.growtopiagame.com/website/resources/assets/images/bullet.png]
[s3.eu-west-1.amazonaws.com/cdn.growtopiagame.com/website/resources/assets/images/gt-WebShop-Gem-Icon.png]
[s3.eu-west-1.amazonaws.com/cdn.growtopiagame.com/website/resources/assets/images/Grow_Fankit-Icon.png]
[s3.eu-west-1.amazonaws.com/cdn.growtopiagame.com/website/resources/assets/css/custom-min.css]
[s3.eu-west-1.amazonaws.com/cdn.growtopiagame.com/website/resources/assets/js/growweb.min.js]
[s3.eu-west-1.amazonaws.com/cdn.growtopiagame.com/website/resources/assets/images/grow_discord.png]
